%!Adobe-FontList 1.23
%Locale:0x409

%BeginFont
Handler:DirectoryHandler
FontType:Invalid
OutlineFileName:/Users/ioana/Desktop/U1_06_rom_Limba si literatura romana_manual 2023_2023-04-26 PACK/Document fonts/AdobeFnt23.lst
FileLength:13623
FileModTime:704175098
%EndFont

%BeginFont
Handler:DirectoryHandler
FontType:TrueType
FontName:FiraSansCondensed-Regular
FamilyName:Fira Sans Condensed
StyleName:Regular
MenuName:Fira Sans Condensed
StyleBits:0
WeightClass:400
WidthClass:3
AngleClass:0
FullName:Fira Sans Condensed Regular
WritingScript:Roman
OutlineFileName:/Users/ioana/Desktop/U1_06_rom_Limba si literatura romana_manual 2023_2023-04-26 PACK/Document fonts/FiraSansCondensed-Regular.ttf
DataFormat:sfntData
hasSVG:no
VariableFontType:NonVariableFont
FileLength:459804
FileModTime:502797600
NameArray:0,Mac,4,Fira Sans Condensed Regular
NameArray:0,Win,1,Fira Sans Condensed
%EndFont

%BeginFont
Handler:DirectoryHandler
FontType:TrueType
FontName:IBMPlexSans-Bold
FamilyName:IBM Plex Sans
StyleName:Bold
MenuName:IBM Plex Sans
StyleBits:2
WeightClass:700
WidthClass:5
AngleClass:0
FullName:IBM Plex Sans Bold
WritingScript:Roman
OutlineFileName:/Users/ioana/Desktop/U1_06_rom_Limba si literatura romana_manual 2023_2023-04-26 PACK/Document fonts/IBMPlexSans-Bold.ttf
DataFormat:sfntData
hasSVG:no
VariableFontType:NonVariableFont
FileLength:289400
FileModTime:609763662
NameArray:0,Mac,4,IBM Plex Sans Bold
NameArray:0,Win,1,IBM Plex Sans
%EndFont

%BeginFont
Handler:DirectoryHandler
FontType:TrueType
FontName:IBMPlexSans-BoldItalic
FamilyName:IBM Plex Sans
StyleName:Bold Italic
MenuName:IBM Plex Sans
StyleBits:3
WeightClass:700
WidthClass:5
AngleClass:1
FullName:IBM Plex Sans Bold Italic
WritingScript:Roman
OutlineFileName:/Users/ioana/Desktop/U1_06_rom_Limba si literatura romana_manual 2023_2023-04-26 PACK/Document fonts/IBMPlexSans-BoldItalic.ttf
DataFormat:sfntData
hasSVG:no
VariableFontType:NonVariableFont
FileLength:262524
FileModTime:609763663
NameArray:0,Mac,4,IBM Plex Sans Bold Italic
NameArray:0,Win,1,IBM Plex Sans
%EndFont

%BeginFont
Handler:DirectoryHandler
FontType:Type1
FontName:IBMPlexSans-Italic
FamilyName:IBM Plex Sans
StyleName:Italic
MenuName:IBM Plex Sans
StyleBits:1
WeightClass:400
WidthClass:5
AngleClass:1
FullName:IBM Plex Sans Italic
WritingScript:Roman
OutlineFileName:/Users/ioana/Desktop/U1_06_rom_Limba si literatura romana_manual 2023_2023-04-26 PACK/Document fonts/IBMPlexSans-Italic.otf
DataFormat:sfntData
UsesStandardEncoding:yes
isCFF:yes
hasSVG:no
VariableFontType:NonVariableFont
FileLength:72560
FileModTime:532209146
NameArray:0,Mac,4,IBM Plex Sans Italic
NameArray:0,Win,1,IBM Plex Sans
%EndFont

%BeginFont
Handler:DirectoryHandler
FontType:TrueType
FontName:IBMPlexSans-Medium
FamilyName:IBM Plex Sans
StyleName:Medium
MenuName:IBM Plex Sans Medium
StyleBits:0
WeightClass:600
WidthClass:5
AngleClass:0
FullName:IBM Plex Sans Medium
WritingScript:Roman
OutlineFileName:/Users/ioana/Desktop/U1_06_rom_Limba si literatura romana_manual 2023_2023-04-26 PACK/Document fonts/IBMPlexSans-Medium.ttf
DataFormat:sfntData
hasSVG:no
VariableFontType:NonVariableFont
FileLength:107940
FileModTime:532209146
NameArray:0,Mac,4,IBM Plex Sans Medium
NameArray:0,Win,1,IBM Plex Sans Medium
NameArray:0,Win,16,IBM Plex Sans
%EndFont

%BeginFont
Handler:DirectoryHandler
FontType:Type1
FontName:IBMPlexSans
FamilyName:IBM Plex Sans
StyleName:Regular
MenuName:IBM Plex Sans
StyleBits:0
WeightClass:400
WidthClass:5
AngleClass:0
FullName:IBM Plex Sans
WritingScript:Roman
OutlineFileName:/Users/ioana/Desktop/U1_06_rom_Limba si literatura romana_manual 2023_2023-04-26 PACK/Document fonts/IBMPlexSans-Regular.otf
DataFormat:sfntData
UsesStandardEncoding:yes
isCFF:yes
hasSVG:no
VariableFontType:NonVariableFont
FileLength:69172
FileModTime:532209146
NameArray:0,Mac,4,IBM Plex Sans
NameArray:0,Win,1,IBM Plex Sans
%EndFont

%BeginFont
Handler:DirectoryHandler
FontType:TrueType
FontName:IBMPlexSans-SemiBold
FamilyName:IBM Plex Sans
StyleName:SemiBold
MenuName:IBM Plex Sans SemiBold
StyleBits:0
WeightClass:650
WidthClass:5
AngleClass:0
FullName:IBM Plex Sans SemiBold
WritingScript:Roman
OutlineFileName:/Users/ioana/Desktop/U1_06_rom_Limba si literatura romana_manual 2023_2023-04-26 PACK/Document fonts/IBMPlexSans-SemiBold.ttf
DataFormat:sfntData
hasSVG:no
VariableFontType:NonVariableFont
FileLength:245464
FileModTime:609763674
NameArray:0,Mac,4,IBM Plex Sans SemiBold
NameArray:0,Win,1,IBM Plex Sans SemiBold
NameArray:0,Win,16,IBM Plex Sans
%EndFont

%BeginFont
Handler:DirectoryHandler
FontType:TrueType
FontName:IBMPlexSerif-Bold
FamilyName:IBM Plex Serif
StyleName:Bold
MenuName:IBM Plex Serif
StyleBits:2
WeightClass:700
WidthClass:5
AngleClass:0
FullName:IBM Plex Serif Bold
WritingScript:Roman
OutlineFileName:/Users/ioana/Desktop/U1_06_rom_Limba si literatura romana_manual 2023_2023-04-26 PACK/Document fonts/IBMPlexSerif-Bold.ttf
DataFormat:sfntData
hasSVG:no
VariableFontType:NonVariableFont
FileLength:293980
FileModTime:609763678
NameArray:0,Mac,4,IBM Plex Serif Bold
NameArray:0,Win,1,IBM Plex Serif
%EndFont

%BeginFont
Handler:DirectoryHandler
FontType:TrueType
FontName:IBMPlexSerif-Italic
FamilyName:IBM Plex Serif
StyleName:Italic
MenuName:IBM Plex Serif
StyleBits:1
WeightClass:400
WidthClass:5
AngleClass:1
FullName:IBM Plex Serif Italic
WritingScript:Roman
OutlineFileName:/Users/ioana/Desktop/U1_06_rom_Limba si literatura romana_manual 2023_2023-04-26 PACK/Document fonts/IBMPlexSerif-Italic.ttf
DataFormat:sfntData
hasSVG:no
VariableFontType:NonVariableFont
FileLength:346412
FileModTime:609763684
NameArray:0,Mac,4,IBM Plex Serif Italic
NameArray:0,Win,1,IBM Plex Serif
%EndFont

%BeginFont
Handler:DirectoryHandler
FontType:TrueType
FontName:IBMPlexSerif-Light
FamilyName:IBM Plex Serif
StyleName:Light
MenuName:IBM Plex Serif Light
StyleBits:0
WeightClass:300
WidthClass:5
AngleClass:0
FullName:IBM Plex Serif Light
WritingScript:Roman
OutlineFileName:/Users/ioana/Desktop/U1_06_rom_Limba si literatura romana_manual 2023_2023-04-26 PACK/Document fonts/IBMPlexSerif-Light.ttf
DataFormat:sfntData
hasSVG:no
VariableFontType:NonVariableFont
FileLength:354216
FileModTime:609763684
NameArray:0,Mac,4,IBM Plex Serif Light
NameArray:0,Win,1,IBM Plex Serif Light
NameArray:0,Win,16,IBM Plex Serif
%EndFont

%BeginFont
Handler:DirectoryHandler
FontType:TrueType
FontName:IBMPlexSerif
FamilyName:IBM Plex Serif
StyleName:Regular
MenuName:IBM Plex Serif
StyleBits:0
WeightClass:400
WidthClass:5
AngleClass:0
FullName:IBM Plex Serif
WritingScript:Roman
OutlineFileName:/Users/ioana/Desktop/U1_06_rom_Limba si literatura romana_manual 2023_2023-04-26 PACK/Document fonts/IBMPlexSerif-Regular.ttf
DataFormat:sfntData
hasSVG:no
VariableFontType:NonVariableFont
FileLength:356896
FileModTime:609763688
NameArray:0,Mac,4,IBM Plex Serif
NameArray:0,Win,1,IBM Plex Serif
%EndFont

%BeginFont
Handler:DirectoryHandler
FontType:Type1
FontName:MinionPro-Regular
FamilyName:Minion Pro
StyleName:Regular
MenuName:Minion Pro
StyleBits:0
WeightClass:400
WidthClass:5
AngleClass:0
FullName:Minion Pro
WritingScript:Roman
OutlineFileName:/Users/ioana/Desktop/U1_06_rom_Limba si literatura romana_manual 2023_2023-04-26 PACK/Document fonts/MinionPro-Regular.otf
DataFormat:sfntData
UsesStandardEncoding:yes
isCFF:yes
hasSVG:no
VariableFontType:NonVariableFont
FileLength:217280
FileModTime:562583501
DesignSize:110
NameArray:0,Mac,4,Minion Pro
NameArray:0,Win,1,Minion Pro
%EndFont

%BeginFont
Handler:DirectoryHandler
FontType:TrueType
FontName:RobotoCondensed-Regular
FamilyName:Roboto Condensed
StyleName:Regular
MenuName:Roboto Condensed
StyleBits:0
WeightClass:400
WidthClass:5
AngleClass:0
FullName:Roboto Condensed
WritingScript:Roman
OutlineFileName:/Users/ioana/Desktop/U1_06_rom_Limba si literatura romana_manual 2023_2023-04-26 PACK/Document fonts/RobotoCondensed-Regular.ttf
DataFormat:sfntData
hasSVG:no
VariableFontType:NonVariableFont
FileLength:161524
FileModTime:660476280
NameArray:0,Win,1,Roboto Condensed
%EndFont

%BeginFont
Handler:DirectoryHandler
FontType:TrueType
FontName:RobotoSlab-Regular
FamilyName:Roboto Slab
StyleName:Regular
MenuName:Roboto Slab
StyleBits:0
WeightClass:400
WidthClass:5
AngleClass:0
FullName:Roboto Slab Regular
WritingScript:Roman
OutlineFileName:/Users/ioana/Desktop/U1_06_rom_Limba si literatura romana_manual 2023_2023-04-26 PACK/Document fonts/RobotoSlab-Regular.ttf
DataFormat:sfntData
hasSVG:no
VariableFontType:NonVariableFont
FileLength:169064
FileModTime:660476280
NameArray:0,Mac,18,Roboto Slab Regular
NameArray:0,Mac,4,Roboto Slab Regular
NameArray:0,Win,1,Roboto Slab
NameArray:0,Win,16,Roboto Slab
%EndFont

%BeginFont
Handler:DirectoryHandler
FontType:TrueType
FontName:Webdings
FamilyName:Webdings
StyleName:Regular
MenuName:Webdings
StyleBits:0
WeightClass:400
WidthClass:5
AngleClass:0
FullName:Webdings
WritingScript:Roman
OutlineFileName:/Users/ioana/Desktop/U1_06_rom_Limba si literatura romana_manual 2023_2023-04-26 PACK/Document fonts/Webdings.ttf
DataFormat:sfntData
hasSVG:no
VariableFontType:NonVariableFont
FileLength:124308
FileModTime:704175097
NameArray:0,Mac,4,Webdings
NameArray:0,Win,1,Webdings
%EndFont

%BeginFont
Handler:DirectoryHandler
FontType:TrueType
FontName:Wingdings-Regular
FamilyName:Wingdings
StyleName:Regular
MenuName:Wingdings
StyleBits:0
WeightClass:400
WidthClass:5
AngleClass:0
FullName:Wingdings
WritingScript:Roman
OutlineFileName:/Users/ioana/Desktop/U1_06_rom_Limba si literatura romana_manual 2023_2023-04-26 PACK/Document fonts/Wingdings.ttf
DataFormat:sfntData
hasSVG:no
VariableFontType:NonVariableFont
FileLength:86384
FileModTime:427308400
NameArray:0,Mac,4,Wingdings
NameArray:0,Win,1,Wingdings
%EndFont

%BeginFont
Handler:DirectoryHandler
FontType:TrueType
FontName:AmericanTypewriter
FamilyName:American Typewriter
StyleName:Regular
MenuName:American Typewriter
StyleBits:0
WeightClass:400
WidthClass:5
AngleClass:0
FullName:American Typewriter
WritingScript:Roman
OutlineFileName:/Users/ioana/Desktop/U1_06_rom_Limba si literatura romana_manual 2023_2023-04-26 PACK/Document fonts/AmericanTypewriter.ttc
TTCOffset:52
DataFormat:sfntData
hasSVG:no
VariableFontType:NonVariableFont
FileLength:2440184
FileModTime:704175097
NameArray:0,Mac,4,American Typewriter
%EndFont

%BeginFont
Handler:DirectoryHandler
FontType:TrueType
FontName:AmericanTypewriter-Bold
FamilyName:American Typewriter
StyleName:Bold
MenuName:American Typewriter
StyleBits:2
WeightClass:700
WidthClass:5
AngleClass:0
FullName:American Typewriter Bold
WritingScript:Roman
OutlineFileName:/Users/ioana/Desktop/U1_06_rom_Limba si literatura romana_manual 2023_2023-04-26 PACK/Document fonts/AmericanTypewriter.ttc
TTCOffset:748
DataFormat:sfntData
hasSVG:no
VariableFontType:NonVariableFont
FileLength:2440184
FileModTime:704175097
NameArray:0,Mac,4,American Typewriter Bold
%EndFont

%BeginFont
Handler:DirectoryHandler
FontType:TrueType
FontName:AmericanTypewriter-Condensed
FamilyName:American Typewriter
StyleName:Condensed
MenuName:American Typewriter
StyleBits:0
WeightClass:400
WidthClass:3
AngleClass:0
FullName:American Typewriter Condensed
WritingScript:Roman
OutlineFileName:/Users/ioana/Desktop/U1_06_rom_Limba si literatura romana_manual 2023_2023-04-26 PACK/Document fonts/AmericanTypewriter.ttc
TTCOffset:1316
DataFormat:sfntData
hasSVG:no
VariableFontType:NonVariableFont
FileLength:2440184
FileModTime:704175097
NameArray:0,Mac,4,American Typewriter Condensed
%EndFont

%BeginFont
Handler:DirectoryHandler
FontType:TrueType
FontName:AmericanTypewriter-CondensedBold
FamilyName:American Typewriter
StyleName:Condensed Bold
MenuName:American Typewriter
StyleBits:2
WeightClass:700
WidthClass:3
AngleClass:0
FullName:American Typewriter Condensed Bold
WritingScript:Roman
OutlineFileName:/Users/ioana/Desktop/U1_06_rom_Limba si literatura romana_manual 2023_2023-04-26 PACK/Document fonts/AmericanTypewriter.ttc
TTCOffset:1664
DataFormat:sfntData
hasSVG:no
VariableFontType:NonVariableFont
FileLength:2440184
FileModTime:704175097
NameArray:0,Mac,4,American Typewriter Condensed Bold
%EndFont

%BeginFont
Handler:DirectoryHandler
FontType:TrueType
FontName:AmericanTypewriter-CondensedLight
FamilyName:American Typewriter
StyleName:Condensed Light
MenuName:American Typewriter
StyleBits:0
WeightClass:300
WidthClass:3
AngleClass:0
FullName:American Typewriter Condensed Light
WritingScript:Roman
OutlineFileName:/Users/ioana/Desktop/U1_06_rom_Limba si literatura romana_manual 2023_2023-04-26 PACK/Document fonts/AmericanTypewriter.ttc
TTCOffset:2012
DataFormat:sfntData
hasSVG:no
VariableFontType:NonVariableFont
FileLength:2440184
FileModTime:704175097
NameArray:0,Mac,4,American Typewriter Condensed Light
%EndFont

%BeginFont
Handler:DirectoryHandler
FontType:TrueType
FontName:AmericanTypewriter-Light
FamilyName:American Typewriter
StyleName:Light
MenuName:American Typewriter
StyleBits:0
WeightClass:300
WidthClass:5
AngleClass:0
FullName:American Typewriter Light
WritingScript:Roman
OutlineFileName:/Users/ioana/Desktop/U1_06_rom_Limba si literatura romana_manual 2023_2023-04-26 PACK/Document fonts/AmericanTypewriter.ttc
TTCOffset:400
DataFormat:sfntData
hasSVG:no
VariableFontType:NonVariableFont
FileLength:2440184
FileModTime:704175097
NameArray:0,Mac,4,American Typewriter Light
%EndFont

%BeginFont
Handler:DirectoryHandler
FontType:TrueType
FontName:AmericanTypewriter-Semibold
FamilyName:American Typewriter
StyleName:Semibold
MenuName:American Typewriter
StyleBits:0
WeightClass:600
WidthClass:5
AngleClass:0
FullName:American Typewriter Semibold
WritingScript:Roman
OutlineFileName:/Users/ioana/Desktop/U1_06_rom_Limba si literatura romana_manual 2023_2023-04-26 PACK/Document fonts/AmericanTypewriter.ttc
TTCOffset:1032
DataFormat:sfntData
hasSVG:no
VariableFontType:NonVariableFont
FileLength:2440184
FileModTime:704175097
NameArray:0,Mac,4,American Typewriter Semibold
%EndFont

